2026-05-09 23:10:39.414 [http-nio-8080-exec-1] DEBUG c.m.mapper.UserMapper.selectById - ==>  Preparing: SELECT id,account,username,password,email,phone,avatar,gender,age,occupation,hobbies,bio,online,status,signature,nickname,experience,points,permissions,create_time,update_time FROM user WHERE id=?
2026-05-09 23:10:39.414 [http-nio-8080-exec-5] DEBUG c.m.mapper.UserMapper.selectById - ==>  Preparing: SELECT id,account,username,password,email,phone,avatar,gender,age,occupation,hobbies,bio,online,status,signature,nickname,experience,points,permissions,create_time,update_time FROM user WHERE id=?
2026-05-09 23:10:39.460 [http-nio-8080-exec-5] DEBUG c.m.mapper.UserMapper.selectById - ==> Parameters: 15(Long)
2026-05-09 23:10:39.460 [http-nio-8080-exec-1] DEBUG c.m.mapper.UserMapper.selectById - ==> Parameters: 21(Long)
2026-05-09 23:10:39.472 [http-nio-8080-exec-1] DEBUG c.m.mapper.UserMapper.selectById - <==      Total: 1
2026-05-09 23:10:39.472 [http-nio-8080-exec-5] DEBUG c.m.mapper.UserMapper.selectById - <==      Total: 1
2026-05-09 23:10:39.497 [http-nio-8080-exec-1] DEBUG c.m.mapper.UserMapper.updateById - ==>  Preparing: UPDATE user SET account=?, username=?, password=?, email=?, phone=?, avatar=?, gender=?, occupation=?, hobbies=?, bio=?, online=?, status=?, signature=?, nickname=?, experience=?, points=?, permissions=?, create_time=?, update_time=? WHERE id=?
2026-05-09 23:10:39.497 [http-nio-8080-exec-5] DEBUG c.m.mapper.UserMapper.updateById - ==>  Preparing: UPDATE user SET account=?, username=?, password=?, email=?, phone=?, avatar=?, gender=?, age=?, occupation=?, hobbies=?, bio=?, online=?, status=?, signature=?, nickname=?, experience=?, points=?, permissions=?, create_time=?, update_time=? WHERE id=?
2026-05-09 23:10:39.503 [http-nio-8080-exec-5] DEBUG c.m.mapper.UserMapper.updateById - ==> Parameters: 20260219132871(String), 爱吃薯条的小懒猪(String), $2a$10$l7ZIij1Ef3Sl/jGjcv.fROPL2eaFQyM3Wb9X6vE3YiZB2qqxoBwFC(String), 2560177364@qq.com(String), 18213200129(String), http://localhost:8080/upload/382e6b20-cccc-4bc6-a48a-67b3769a5184.jpeg(String), 1(String), 22(Integer), 销售(String), 打羽毛球(String), 喜欢的羽毛球(String), 1(Integer), 1(Integer), 努力奋斗(String), 小可爱(String), 大学刚毕业(String), 15(Integer), 0(String), 2026-02-19T15:11:47(LocalDateTime), 2026-04-26T18:58:11(LocalDateTime), 15(Long)
2026-05-09 23:10:39.503 [http-nio-8080-exec-1] DEBUG c.m.mapper.UserMapper.updateById - ==> Parameters: 20260314207018(String), 王涛(String), $2a$10$u634T2zfipiqXyqDZbnNgeLT5aXYNkVBobg7oWYIeErq0sAAcSWc6(String), 17241200127@qq.com(String), 17213200129(String), http://localhost:8080/upload/d33f6e07-cab2-4abf-9813-0134cb28f3f8.png(String), 1(String), (String), (String), (String), 1(Integer), 1(Integer), (String), (String), (String), 0(Integer), 1(String), 2026-03-14T23:55:17(LocalDateTime), 2026-05-09T14:57:54(LocalDateTime), 21(Long)
2026-05-09 23:10:39.509 [http-nio-8080-exec-5] DEBUG c.m.mapper.UserMapper.updateById - <==    Updates: 1
2026-05-09 23:10:39.509 [http-nio-8080-exec-1] DEBUG c.m.mapper.UserMapper.updateById - <==    Updates: 1
2026-05-09 23:11:56.963 [http-nio-8080-exec-7] DEBUG c.m.mapper.UserMapper.selectById - ==>  Preparing: SELECT id,account,username,password,email,phone,avatar,gender,age,occupation,hobbies,bio,online,status,signature,nickname,experience,points,permissions,create_time,update_time FROM user WHERE id=?
2026-05-09 23:11:56.966 [http-nio-8080-exec-7] DEBUG c.m.mapper.UserMapper.selectById - ==> Parameters: 21(Long)
2026-05-09 23:11:56.968 [http-nio-8080-exec-7] DEBUG c.m.mapper.UserMapper.selectById - <==      Total: 1
2026-05-09 23:11:56.970 [http-nio-8080-exec-7] DEBUG c.m.mapper.UserMapper.updateById - ==>  Preparing: UPDATE user SET account=?, username=?, password=?, email=?, phone=?, avatar=?, gender=?, occupation=?, hobbies=?, bio=?, online=?, status=?, signature=?, nickname=?, experience=?, points=?, permissions=?, create_time=?, update_time=? WHERE id=?
2026-05-09 23:11:56.972 [http-nio-8080-exec-7] DEBUG c.m.mapper.UserMapper.updateById - ==> Parameters: 20260314207018(String), 王涛(String), $2a$10$u634T2zfipiqXyqDZbnNgeLT5aXYNkVBobg7oWYIeErq0sAAcSWc6(String), 17241200127@qq.com(String), 17213200129(String), http://localhost:8080/upload/d33f6e07-cab2-4abf-9813-0134cb28f3f8.png(String), 1(String), (String), (String), (String), 0(Integer), 1(Integer), (String), (String), (String), 0(Integer), 1(String), 2026-03-14T23:55:17(LocalDateTime), 2026-05-09T14:57:54(LocalDateTime), 21(Long)
2026-05-09 23:11:56.976 [http-nio-8080-exec-7] DEBUG c.m.mapper.UserMapper.updateById - <==    Updates: 1
2026-05-09 23:11:58.015 [http-nio-8080-exec-8] DEBUG c.m.mapper.UserMapper.selectById - ==>  Preparing: SELECT id,account,username,password,email,phone,avatar,gender,age,occupation,hobbies,bio,online,status,signature,nickname,experience,points,permissions,create_time,update_time FROM user WHERE id=?
2026-05-09 23:11:58.016 [http-nio-8080-exec-8] DEBUG c.m.mapper.UserMapper.selectById - ==> Parameters: 15(Long)
2026-05-09 23:11:58.018 [http-nio-8080-exec-8] DEBUG c.m.mapper.UserMapper.selectById - <==      Total: 1
2026-05-09 23:11:58.020 [http-nio-8080-exec-8] DEBUG c.m.mapper.UserMapper.updateById - ==>  Preparing: UPDATE user SET account=?, username=?, password=?, email=?, phone=?, avatar=?, gender=?, age=?, occupation=?, hobbies=?, bio=?, online=?, status=?, signature=?, nickname=?, experience=?, points=?, permissions=?, create_time=?, update_time=? WHERE id=?
2026-05-09 23:11:58.021 [http-nio-8080-exec-8] DEBUG c.m.mapper.UserMapper.updateById - ==> Parameters: 20260219132871(String), 爱吃薯条的小懒猪(String), $2a$10$l7ZIij1Ef3Sl/jGjcv.fROPL2eaFQyM3Wb9X6vE3YiZB2qqxoBwFC(String), 2560177364@qq.com(String), 18213200129(String), http://localhost:8080/upload/382e6b20-cccc-4bc6-a48a-67b3769a5184.jpeg(String), 1(String), 22(Integer), 销售(String), 打羽毛球(String), 喜欢的羽毛球(String), 0(Integer), 1(Integer), 努力奋斗(String), 小可爱(String), 大学刚毕业(String), 15(Integer), 0(String), 2026-02-19T15:11:47(LocalDateTime), 2026-04-26T18:58:11(LocalDateTime), 15(Long)
2026-05-09 23:11:58.028 [http-nio-8080-exec-8] DEBUG c.m.mapper.UserMapper.updateById - <==    Updates: 1
