2026-05-09 23:10:07.705 [background-preinit] INFO  o.h.validator.internal.util.Version - HV000001: Hibernate Validator 8.0.0.Final
2026-05-09 23:10:07.749 [main] INFO  com.minecraft.MinecraftApplication - Starting MinecraftApplication using Java 21.0.9 with PID 13404 (D:\IDEA\work\Minecraft-system\Minecraft\target\classes started by Admin in D:\IDEA\work\Minecraft-system\Minecraft)
2026-05-09 23:10:07.749 [main] DEBUG com.minecraft.MinecraftApplication - Running with Spring Boot v3.0.2, Spring v6.0.4
2026-05-09 23:10:07.750 [main] INFO  com.minecraft.MinecraftApplication - The following 1 profile is active: "dev"
2026-05-09 23:10:08.858 [main] INFO  o.s.d.r.c.RepositoryConfigurationDelegate - Multiple Spring Data modules found, entering strict repository configuration mode
2026-05-09 23:10:08.862 [main] INFO  o.s.d.r.c.RepositoryConfigurationDelegate - Bootstrapping Spring Data Redis repositories in DEFAULT mode.
2026-05-09 23:10:08.906 [main] INFO  o.s.d.r.c.RepositoryConfigurationDelegate - Finished Spring Data repository scanning in 29 ms. Found 0 Redis repository interfaces.
2026-05-09 23:10:09.220 [main] WARN  o.s.c.LocalVariableTableParameterNameDiscoverer - Using deprecated '-debug' fallback for parameter name resolution. Compile the affected code with '-parameters' instead or avoid its introspection: com.minecraft.aspect.LogAspect
2026-05-09 23:10:09.220 [main] WARN  o.s.c.LocalVariableTableParameterNameDiscoverer - Using deprecated '-debug' fallback for parameter name resolution. Compile the affected code with '-parameters' instead or avoid its introspection: com.minecraft.aspect.LogAspect
2026-05-09 23:10:09.835 [main] INFO  o.s.b.w.e.tomcat.TomcatWebServer - Tomcat initialized with port(s): 8080 (http)
2026-05-09 23:10:09.844 [main] INFO  o.a.coyote.http11.Http11NioProtocol - Initializing ProtocolHandler ["http-nio-8080"]
2026-05-09 23:10:09.844 [main] INFO  o.a.catalina.core.StandardService - Starting service [Tomcat]
2026-05-09 23:10:09.844 [main] INFO  o.a.catalina.core.StandardEngine - Starting Servlet engine: [Apache Tomcat/10.1.5]
2026-05-09 23:10:09.929 [main] INFO  o.a.c.c.C.[Tomcat].[localhost].[/] - Initializing Spring embedded WebApplicationContext
2026-05-09 23:10:09.929 [main] INFO  o.s.b.w.s.c.ServletWebServerApplicationContext - Root WebApplicationContext: initialization completed in 2134 ms
2026-05-09 23:10:10.198 [main] DEBUG c.m.handler.JwtAuthenticationFilter - Filter 'jwtAuthenticationFilter' configured for use
2026-05-09 23:10:10.659 [main] INFO  c.a.d.s.b.a.DruidDataSourceAutoConfigure - Init DruidDataSource
2026-05-09 23:10:11.162 [main] INFO  c.alibaba.druid.pool.DruidDataSource - {dataSource-1} inited
2026-05-09 23:10:12.951 [main] INFO  com.minecraft.utils.FileUtils - 使用目录: D:\Image
2026-05-09 23:10:12.951 [main] INFO  com.minecraft.utils.FileUtils - 文件上传路径初始化: D:\Image
2026-05-09 23:10:13.332 [main] INFO  c.minecraft.utils.RedisHealthChecker - ✅ Redis 连接成功
2026-05-09 23:10:13.543 [main] WARN  o.s.b.a.s.s.UserDetailsServiceAutoConfiguration - 

Using generated security password: 7a97d6d8-ffcc-4fbd-ab54-e8dbf3acfc9a

This generated password is for development use only. Your security configuration must be updated before running your application in production.

2026-05-09 23:10:13.689 [main] INFO  o.s.b.a.w.s.WelcomePageHandlerMapping - Adding welcome page: class path resource [static/index.html]
2026-05-09 23:10:13.823 [main] INFO  com.minecraft.config.WebConfig - 使用目录: D:\Image
2026-05-09 23:10:14.613 [main] INFO  o.s.b.a.e.web.EndpointLinksResolver - Exposing 1 endpoint(s) beneath base path '/actuator'
2026-05-09 23:10:14.670 [main] INFO  o.s.s.web.DefaultSecurityFilterChain - Will secure any request with [org.springframework.security.web.session.DisableEncodeUrlFilter@7f9b46ed, org.springframework.security.web.context.request.async.WebAsyncManagerIntegrationFilter@4d0b8b8b, org.springframework.security.web.context.SecurityContextHolderFilter@3f7b15bb, org.springframework.security.web.header.HeaderWriterFilter@57e2d15c, org.springframework.security.web.authentication.logout.LogoutFilter@361b2995, com.minecraft.handler.JwtAuthenticationFilter@1b28cff, org.springframework.security.web.savedrequest.RequestCacheAwareFilter@15a87fbb, org.springframework.security.web.servletapi.SecurityContextHolderAwareRequestFilter@14acc33e, org.springframework.security.web.authentication.AnonymousAuthenticationFilter@6f18445b, org.springframework.security.web.session.SessionManagementFilter@15d0f2a3, org.springframework.security.web.access.ExceptionTranslationFilter@28df2da8, org.springframework.security.web.access.intercept.AuthorizationFilter@6c09d716]
2026-05-09 23:10:15.054 [main] INFO  o.a.coyote.http11.Http11NioProtocol - Starting ProtocolHandler ["http-nio-8080"]
2026-05-09 23:10:15.056 [main] WARN  o.s.b.w.s.c.AnnotationConfigServletWebServerApplicationContext - Exception encountered during context initialization - cancelling refresh attempt: org.springframework.context.ApplicationContextException: Failed to start bean 'webServerStartStop'
2026-05-09 23:10:15.061 [main] INFO  c.alibaba.druid.pool.DruidDataSource - {dataSource-1} closing ...
2026-05-09 23:10:15.068 [main] INFO  c.alibaba.druid.pool.DruidDataSource - {dataSource-1} closed
2026-05-09 23:10:15.189 [main] INFO  o.a.coyote.http11.Http11NioProtocol - Pausing ProtocolHandler ["http-nio-8080"]
2026-05-09 23:10:15.189 [main] INFO  o.a.catalina.core.StandardService - Stopping service [Tomcat]
2026-05-09 23:10:15.194 [main] INFO  o.a.coyote.http11.Http11NioProtocol - Stopping ProtocolHandler ["http-nio-8080"]
2026-05-09 23:10:15.194 [main] INFO  o.a.coyote.http11.Http11NioProtocol - Destroying ProtocolHandler ["http-nio-8080"]
2026-05-09 23:10:15.201 [main] INFO  o.s.b.a.l.ConditionEvaluationReportLogger - 

Error starting ApplicationContext. To display the condition evaluation report re-run your application with 'debug' enabled.
2026-05-09 23:10:15.217 [main] ERROR o.s.b.d.LoggingFailureAnalysisReporter - 

***************************
APPLICATION FAILED TO START
***************************

Description:

Web server failed to start. Port 8080 was already in use.

Action:

Identify and stop the process that's listening on port 8080 or configure this application to listen on another port.

2026-05-09 23:10:31.974 [background-preinit] INFO  o.h.validator.internal.util.Version - HV000001: Hibernate Validator 8.0.0.Final
2026-05-09 23:10:32.009 [main] INFO  com.minecraft.MinecraftApplication - Starting MinecraftApplication using Java 21.0.9 with PID 6120 (D:\IDEA\work\Minecraft-system\Minecraft\target\classes started by Admin in D:\IDEA\work\Minecraft-system\Minecraft)
2026-05-09 23:10:32.009 [main] DEBUG com.minecraft.MinecraftApplication - Running with Spring Boot v3.0.2, Spring v6.0.4
2026-05-09 23:10:32.009 [main] INFO  com.minecraft.MinecraftApplication - The following 1 profile is active: "dev"
2026-05-09 23:10:33.105 [main] INFO  o.s.d.r.c.RepositoryConfigurationDelegate - Multiple Spring Data modules found, entering strict repository configuration mode
2026-05-09 23:10:33.107 [main] INFO  o.s.d.r.c.RepositoryConfigurationDelegate - Bootstrapping Spring Data Redis repositories in DEFAULT mode.
2026-05-09 23:10:33.150 [main] INFO  o.s.d.r.c.RepositoryConfigurationDelegate - Finished Spring Data repository scanning in 31 ms. Found 0 Redis repository interfaces.
2026-05-09 23:10:33.465 [main] WARN  o.s.c.LocalVariableTableParameterNameDiscoverer - Using deprecated '-debug' fallback for parameter name resolution. Compile the affected code with '-parameters' instead or avoid its introspection: com.minecraft.aspect.LogAspect
2026-05-09 23:10:33.466 [main] WARN  o.s.c.LocalVariableTableParameterNameDiscoverer - Using deprecated '-debug' fallback for parameter name resolution. Compile the affected code with '-parameters' instead or avoid its introspection: com.minecraft.aspect.LogAspect
2026-05-09 23:10:34.091 [main] INFO  o.s.b.w.e.tomcat.TomcatWebServer - Tomcat initialized with port(s): 8080 (http)
2026-05-09 23:10:34.099 [main] INFO  o.a.coyote.http11.Http11NioProtocol - Initializing ProtocolHandler ["http-nio-8080"]
2026-05-09 23:10:34.100 [main] INFO  o.a.catalina.core.StandardService - Starting service [Tomcat]
2026-05-09 23:10:34.100 [main] INFO  o.a.catalina.core.StandardEngine - Starting Servlet engine: [Apache Tomcat/10.1.5]
2026-05-09 23:10:34.195 [main] INFO  o.a.c.c.C.[Tomcat].[localhost].[/] - Initializing Spring embedded WebApplicationContext
2026-05-09 23:10:34.195 [main] INFO  o.s.b.w.s.c.ServletWebServerApplicationContext - Root WebApplicationContext: initialization completed in 2142 ms
2026-05-09 23:10:34.490 [main] DEBUG c.m.handler.JwtAuthenticationFilter - Filter 'jwtAuthenticationFilter' configured for use
2026-05-09 23:10:35.010 [main] INFO  c.a.d.s.b.a.DruidDataSourceAutoConfigure - Init DruidDataSource
2026-05-09 23:10:35.485 [main] INFO  c.alibaba.druid.pool.DruidDataSource - {dataSource-1} inited
2026-05-09 23:10:37.067 [main] INFO  com.minecraft.utils.FileUtils - 使用目录: D:\Image
2026-05-09 23:10:37.069 [main] INFO  com.minecraft.utils.FileUtils - 文件上传路径初始化: D:\Image
2026-05-09 23:10:37.522 [main] INFO  c.minecraft.utils.RedisHealthChecker - ✅ Redis 连接成功
2026-05-09 23:10:37.711 [main] WARN  o.s.b.a.s.s.UserDetailsServiceAutoConfiguration - 

Using generated security password: 6910e0c0-d0fd-4c6e-9d47-b39d0b514ba9

This generated password is for development use only. Your security configuration must be updated before running your application in production.

2026-05-09 23:10:37.849 [main] INFO  o.s.b.a.w.s.WelcomePageHandlerMapping - Adding welcome page: class path resource [static/index.html]
2026-05-09 23:10:37.977 [main] INFO  com.minecraft.config.WebConfig - 使用目录: D:\Image
2026-05-09 23:10:38.608 [main] INFO  o.s.b.a.e.web.EndpointLinksResolver - Exposing 1 endpoint(s) beneath base path '/actuator'
2026-05-09 23:10:38.670 [main] INFO  o.s.s.web.DefaultSecurityFilterChain - Will secure any request with [org.springframework.security.web.session.DisableEncodeUrlFilter@1b48784a, org.springframework.security.web.context.request.async.WebAsyncManagerIntegrationFilter@7ab17cf, org.springframework.security.web.context.SecurityContextHolderFilter@533a8540, org.springframework.security.web.header.HeaderWriterFilter@7e474bd, org.springframework.security.web.authentication.logout.LogoutFilter@62a78446, com.minecraft.handler.JwtAuthenticationFilter@7fcc3745, org.springframework.security.web.savedrequest.RequestCacheAwareFilter@28df2da8, org.springframework.security.web.servletapi.SecurityContextHolderAwareRequestFilter@6810465, org.springframework.security.web.authentication.AnonymousAuthenticationFilter@26f0ab88, org.springframework.security.web.session.SessionManagementFilter@173c0722, org.springframework.security.web.access.ExceptionTranslationFilter@499f9003, org.springframework.security.web.access.intercept.AuthorizationFilter@6ec9f664]
2026-05-09 23:10:39.048 [main] INFO  o.a.coyote.http11.Http11NioProtocol - Starting ProtocolHandler ["http-nio-8080"]
2026-05-09 23:10:39.058 [main] INFO  o.s.b.w.e.tomcat.TomcatWebServer - Tomcat started on port(s): 8080 (http) with context path ''
2026-05-09 23:10:39.069 [main] INFO  com.minecraft.MinecraftApplication - Started MinecraftApplication in 7.521 seconds (process running for 8.012)
2026-05-09 23:10:39.115 [http-nio-8080-exec-1] INFO  o.a.c.c.C.[Tomcat].[localhost].[/] - Initializing Spring DispatcherServlet 'dispatcherServlet'
2026-05-09 23:10:39.115 [http-nio-8080-exec-1] INFO  o.s.web.servlet.DispatcherServlet - Initializing Servlet 'dispatcherServlet'
2026-05-09 23:10:39.115 [http-nio-8080-exec-1] INFO  o.s.web.servlet.DispatcherServlet - Completed initialization in 0 ms
2026-05-09 23:10:39.327 [main] INFO  c.m.utils.DatabaseHealthChecker - ✅ MySQL 数据库连接成功
2026-05-09 23:12:18.342 [lettuce-nioEventLoop-4-1] INFO  i.l.core.protocol.CommandHandler - null Unexpected exception during request: java.net.SocketException: Connection reset
java.net.SocketException: Connection reset
	at java.base/sun.nio.ch.SocketChannelImpl.throwConnectionReset(SocketChannelImpl.java:401)
	at java.base/sun.nio.ch.SocketChannelImpl.read(SocketChannelImpl.java:434)
	at io.netty.buffer.PooledByteBuf.setBytes(PooledByteBuf.java:259)
	at io.netty.buffer.AbstractByteBuf.writeBytes(AbstractByteBuf.java:1132)
	at io.netty.channel.socket.nio.NioSocketChannel.doReadBytes(NioSocketChannel.java:357)
	at io.netty.channel.nio.AbstractNioByteChannel$NioByteUnsafe.read(AbstractNioByteChannel.java:151)
	at io.netty.channel.nio.NioEventLoop.processSelectedKey(NioEventLoop.java:788)
	at io.netty.channel.nio.NioEventLoop.processSelectedKeysOptimized(NioEventLoop.java:724)
	at io.netty.channel.nio.NioEventLoop.processSelectedKeys(NioEventLoop.java:650)
	at io.netty.channel.nio.NioEventLoop.run(NioEventLoop.java:562)
	at io.netty.util.concurrent.SingleThreadEventExecutor$4.run(SingleThreadEventExecutor.java:997)
	at io.netty.util.internal.ThreadExecutorMap$2.run(ThreadExecutorMap.java:74)
	at io.netty.util.concurrent.FastThreadLocalRunnable.run(FastThreadLocalRunnable.java:30)
	at java.base/java.lang.Thread.run(Thread.java:1583)
2026-05-09 23:12:18.383 [lettuce-eventExecutorLoop-1-9] INFO  i.l.core.protocol.ConnectionWatchdog - Reconnecting, last destination was localhost/127.0.0.1:6379
2026-05-09 23:12:18.392 [lettuce-nioEventLoop-4-2] WARN  i.l.core.protocol.ConnectionWatchdog - Cannot reconnect to [localhost/<unresolved>:6379]: Connection refused: getsockopt: localhost/127.0.0.1:6379
